// Jest Snapshot v1, https://goo.gl/fbAQLP

exports[`Card should match the snapshot 1`] = `
<div>
  This is a card living in the CC
</div>
`;
