// Jest Snapshot v1, https://goo.gl/fbAQLP

exports[`Button should match the snapshot 1`] = `
<div>
  <button>
    People
  </button>
  <button>
    Planets
  </button>
  <button>
    Vehicles
  </button>
</div>
`;
